<?xml version="1.0" encoding="UTF-8"?>
<testsuites>
  <testsuite name="/home/daryl/Dropbox/Websites/librenms-api-client/phpunit.xml" tests="2" assertions="3" errors="1" failures="0" skipped="0" time="0.199718">
    <testsuite name="LibrenmsApi" tests="2" assertions="3" errors="1" failures="0" skipped="0" time="0.199718">
      <testsuite name="LibrenmsApiClient\Tests\LogTest" file="/home/daryl/Dropbox/Websites/librenms-api-client/tests/LogTest.php" tests="2" assertions="3" errors="1" failures="0" skipped="0" time="0.199718">
        <testcase name="testAlert" file="/home/daryl/Dropbox/Websites/librenms-api-client/tests/LogTest.php" line="25" class="LibrenmsApiClient\Tests\LogTest" classname="LibrenmsApiClient.Tests.LogTest" assertions="2" time="0.164806"/>
        <testcase name="testEvent" file="/home/daryl/Dropbox/Websites/librenms-api-client/tests/LogTest.php" line="41" class="LibrenmsApiClient\Tests\LogTest" classname="LibrenmsApiClient.Tests.LogTest" assertions="1" time="0.034912">
          <error type="TypeError">LibrenmsApiClient\Tests\LogTest::testEvent
TypeError: LibrenmsApiClient\Log::event(): Argument #1 ($hostname) must be of type string|int, null given, called in /home/daryl/Dropbox/Websites/librenms-api-client/tests/LogTest.php on line 53

/home/daryl/Dropbox/Websites/librenms-api-client/src/Log.php:84
/home/daryl/Dropbox/Websites/librenms-api-client/tests/LogTest.php:53</error>
        </testcase>
      </testsuite>
    </testsuite>
  </testsuite>
</testsuites>
